[44mÔòöÔòÉÔòÉÔòÉÔòÉÔòÉÔòÉÔòÉÔòÉÔòÉÔòÉÔòÉÔòÉÔòÉÔòÉÔòÉÔòÉÔòÉÔòÉÔòÉÔòÉÔòÉÔòÉÔòÉÔòÉÔòÉÔòÉÔòÉÔòÉÔòÉÔòÉÔòÉÔòÉÔòÉÔòÉÔòÉÔòÉÔòÉÔòÉÔòÉÔòÉÔòÉÔòÉÔòÉÔòÉÔòÉÔòÉÔòÉÔòÉÔòÉÔòÉÔòÉÔòÉÔòÉÔòÉÔòÉÔòÉÔòÉÔòÉÔòÉÔòÉÔòÉÔòÉÔòÉÔòÉÔòÉÔòÉÔòÉÔòÉÔòÉÔòÉÔòÉÔòÉÔòÉÔòÉÔòÉÔòù
Ôòæ                                                                           Ôòæ
Ôòæ  ÔûêÔûêÔûÇÔûÇÔûêÔûÇÔûÇÔûêÔûêÔûêÔûÇÔûÇÔûÇÔûÇÔûÇÔûÇÔûÇÔûêÔûêÔûêÔûÇÔûÇÔûêÔûÇÔûÇÔûÇÔûÇÔûÇÔûÇÔûÇÔûÇÔûê                                         Ôòæ
Ôòæ  ÔûêÔûê  ÔûÇ  ÔûêÔûê   ÔûäÔûäÔûäÔûä  ÔûÇ  ÔûäÔûê ÔûäÔûÇÔûÇ Ôûê  Ôûê                                         Ôòæ
Ôòæ  Ôûê  Ôûä Ôûä  ÔûÇÔûÇÔûÇ   ÔûêÔûÇ  Ôûä  ÔûÇÔûê ÔûÇÔûäÔûê ÔûêÔûä Ôûê                                         Ôòæ
Ôòæ  ÔûêÔûäÔûäÔûêÔûäÔûêÔûäÔûäÔûäÔûäÔûäÔûäÔûäÔûêÔûêÔûäÔûäÔûêÔûêÔûêÔûäÔûäÔûêÔûäÔûäÔûäÔûäÔûäÔûäÔûäÔûäÔûê                                         Ôòæ
Ôòæ                                                                           Ôòæ
Ôòæ   ÔûäÔûäÔûä       Ôûä  ÔûäÔûä    ÔûäÔûä   ÔûäÔûäÔûäÔûä           ÔûäÔûä                               Ôòæ
Ôòæ   ÔûêÔûêÔûäÔûÇ ÔûêÔûê Ôûê Ôûä  ÔûêÔûê   ÔûäÔûêÔûê    ÔûêÔûê  ÔûäÔûêÔûÇÔûä ÔûäÔûêÔûÇÔûä ÔûêÔûê                               Ôòæ
Ôòæ   ÔûêÔûêÔûäÔûÇ ÔûÇÔûêÔûäÔûê ÔûêÔûê ÔûÇÔûêÔûä ÔûÇÔûäÔûêÔûê    ÔûêÔûê  ÔûÇÔûêÔûäÔûÇ ÔûÇÔûêÔûäÔûÇ ÔûÇÔûêÔûä                              Ôòæ
Ôòæ                                                                           Ôòæ
ÔòÜÔòÉÔòÉÔòÉÔòÉÔòÉÔòÉÔòÉÔòÉÔòÉÔòÉÔòÉÔòÉÔòÉÔòÉÔòÉÔòÉÔòÉÔòÉÔòÉÔòÉÔòÉÔòÉÔòÉÔòÉÔòÉÔòÉÔòÉÔòÉÔòÉÔòÉÔòÉÔòÉÔòÉÔòÉÔòÉÔòÉÔòÉÔòÉÔòÉÔòÉÔòÉÔòÉÔòÉÔòÉÔòÉÔòÉÔòÉÔòÉÔòÉÔòÉÔòÉÔòÉÔòÉÔòÉÔòÉÔòÉÔòÉÔòÉÔòÉÔòÉÔòÉÔòÉÔòÉÔòÉÔòÉÔòÉÔòÉÔòÉÔòÉÔòÉÔòÉÔòÉÔòÉÔòÉÔòÉÔòØ
[0mMSXgl Build Tool using Node.js v18.12.1 (win32)

[90mProjSegments not defined. Using 'soccerlg'[0m
┬╗ Project: soccerlg
┬╗ Machine: MSX1
┬╗ Target:  2MB ROM using Yamanooto-8 mapper (starting at 4000h)
[90mProject paths:[0m
[90m- ProjDir:  E:\Dropbox\FAUSTO\SVILUPPI\MSX\CODE\C\MSXgl\projects\soccerlgSCC/[0m
[90m- OutDir:   E:\Dropbox\FAUSTO\SVILUPPI\MSX\CODE\C\MSXgl\projects\soccerlgSCC/out/[0m
[90m- RootDir:  E:\Dropbox\FAUSTO\SVILUPPI\MSX\CODE\C\MSXgl\[0m
[90m- LibDir:   E:\Dropbox\FAUSTO\SVILUPPI\MSX\CODE\C\MSXgl\engine/[0m
[90m- ToolsDir: E:\Dropbox\FAUSTO\SVILUPPI\MSX\CODE\C\MSXgl\tools/[0m

ÔöîÔöÇÔöÇÔöÇÔöÇÔöÇÔöÇÔöÇÔöÇÔöÇÔöÇÔöÇÔöÇÔöÇÔöÇÔöÇÔöÇÔöÇÔöÇÔöÇÔöÇÔöÇÔöÇÔöÇÔöÇÔöÇÔöÇÔöÇÔöÇÔöÇÔöÇÔöÇÔöÇÔöÇÔöÇÔöÇÔöÇÔöÇÔöÇÔöÇÔöÇÔöÇÔöÇÔöÇÔöÇÔöÇÔöÇÔöÇÔöÇÔöÇÔöÇÔöÇÔöÇÔöÇÔöÇÔöÇÔöÇÔöÇÔöÇÔöÇÔöÇÔöÇÔöÇÔöÇÔöÇÔöÇÔöÇÔöÇÔöÇÔöÇÔöÇÔöÇÔöÇÔöÇÔöÇÔöÇÔöÉ
Ôöé COMPILE                                                                   Ôöé
ÔööÔöÇÔöÇÔöÇÔöÇÔöÇÔöÇÔöÇÔöÇÔöÇÔöÇÔöÇÔöÇÔöÇÔöÇÔöÇÔöÇÔöÇÔöÇÔöÇÔöÇÔöÇÔöÇÔöÇÔöÇÔöÇÔöÇÔöÇÔöÇÔöÇÔöÇÔöÇÔöÇÔöÇÔöÇÔöÇÔöÇÔöÇÔöÇÔöÇÔöÇÔöÇÔöÇÔöÇÔöÇÔöÇÔöÇÔöÇÔöÇÔöÇÔöÇÔöÇÔöÇÔöÇÔöÇÔöÇÔöÇÔöÇÔöÇÔöÇÔöÇÔöÇÔöÇÔöÇÔöÇÔöÇÔöÇÔöÇÔöÇÔöÇÔöÇÔöÇÔöÇÔöÇÔöÇÔöÇÔöÿ
[94mCompiling soccerlg using SDCC...[0m
Creating crt0 config file...
[90m----------------------------------------[0m
[90m; MSXgl | Crt0 config file generated by the Build tool
ADDR_BOOT=0x4000
ROM_MAPPER=ROM_YAMANOOTO
DOS_PARSEARG=1
APP_SIGN=1
APP_SIGN_NAME="FP"
APP_SIGN_ID="SL"
.macro ROM_SIGN_MACRO
	.ascii "ROM_YAM8"
.endm
[0m
[90m----------------------------------------[0m
[94mGenerate raw files definitions...[0m
[92mSuccess[0m
┬╗ MSXgl Modules: v9990,system,input,vdp,psg,print,memory,debug,math,pcm/pcmenc,ayfx/ayfx_player,scc,bios
[93mWarning: Skip compiling crt0_rom_mapper.asm[0m
[93mWarning: Skip compiling soccerlg.c[0m
[93mWarning: Skip compiling v9990.c[0m
[93mWarning: Skip compiling system.c[0m
[93mWarning: Skip compiling input.c[0m
[93mWarning: Skip compiling vdp.c[0m
[93mWarning: Skip compiling psg.c[0m
[93mWarning: Skip compiling print.c[0m
[93mWarning: Skip compiling memory.c[0m
[93mWarning: Skip compiling debug.c[0m
[93mWarning: Skip compiling math.c[0m
[93mWarning: Skip compiling pcmenc.c[0m
[93mWarning: Skip compiling ayfx_player.c[0m
[93mWarning: Skip compiling scc.c[0m
[93mWarning: Skip compiling bios.c[0m
[93mWarning: Skip compiling vgm_player.c[0m
[94mSearching for extra mapper segments to compile [1-255] (soccerlg_s?_b?)...[0m
Segment found: soccerlg_s4_b3.c (addr: 0004A000h)
[93mWarning: Skip compiling soccerlg_s4_b3.c[0m
Segment found: soccerlg_s5_b3.c (addr: 0005A000h)
[93mWarning: Skip compiling soccerlg_s5_b3.c[0m
Segment found: soccerlg_s6_b3.c (addr: 0006A000h)
[93mWarning: Skip compiling soccerlg_s6_b3.c[0m
Segment found: soccerlg_s7_b3.c (addr: 0007A000h)
[93mWarning: Skip compiling soccerlg_s7_b3.c[0m
Segment found: soccerlg_s8_b3.c (addr: 0008A000h)
[93mWarning: Skip compiling soccerlg_s8_b3.c[0m
Segment found: soccerlg_s9_b3.c (addr: 0009A000h)
[93mWarning: Skip compiling soccerlg_s9_b3.c[0m
Segment found: soccerlg_s10_b3.c (addr: 000AA000h)
[93mWarning: Skip compiling soccerlg_s10_b3.c[0m
Segment found: soccerlg_s11_b3.c (addr: 000BA000h)
[93mWarning: Skip compiling soccerlg_s11_b3.c[0m
Segment found: soccerlg_s12_b3.c (addr: 000CA000h)
[93mWarning: Skip compiling soccerlg_s12_b3.c[0m
Segment found: soccerlg_s13_b3.c (addr: 000DA000h)
[93mWarning: Skip compiling soccerlg_s13_b3.c[0m
Segment found: soccerlg_s14_b3.c (addr: 000EA000h)
[93mWarning: Skip compiling soccerlg_s14_b3.c[0m
Segment found: soccerlg_s20_b3.c (addr: 0014A000h)
[93mWarning: Skip compiling soccerlg_s20_b3.c[0m
Segment found: soccerlg_s21_b3.c (addr: 0015A000h)
[93mWarning: Skip compiling soccerlg_s21_b3.c[0m
Segment found: soccerlg_s22_b3.c (addr: 0016A000h)
[93mWarning: Skip compiling soccerlg_s22_b3.c[0m
Segment found: soccerlg_s23_b3.c (addr: 0017A000h)
[93mWarning: Skip compiling soccerlg_s23_b3.c[0m
Segment found: soccerlg_s24_b3.c (addr: 0018A000h)
[93mWarning: Skip compiling soccerlg_s24_b3.c[0m
Segment found: soccerlg_s25_b3.c (addr: 0019A000h)
[93mWarning: Skip compiling soccerlg_s25_b3.c[0m
Segment found: soccerlg_s26_b3.c (addr: 001AA000h)
[93mWarning: Skip compiling soccerlg_s26_b3.c[0m
Segment found: soccerlg_s27_b3.c (addr: 001BA000h)
[93mWarning: Skip compiling soccerlg_s27_b3.c[0m
Segment found: soccerlg_s28_b3.c (addr: 001CA000h)
[93mWarning: Skip compiling soccerlg_s28_b3.c[0m
Segment found: soccerlg_s29_b3.c (addr: 001DA000h)
[93mWarning: Skip compiling soccerlg_s29_b3.c[0m
Segment found: soccerlg_s30_b3.c (addr: 001EA000h)
[93mWarning: Skip compiling soccerlg_s30_b3.c[0m
Segment found: soccerlg_s31_b3.c (addr: 001FA000h)
[93mWarning: Skip compiling soccerlg_s31_b3.c[0m
Segment found: soccerlg_s32_b3.c (addr: 0020A000h)
[93mWarning: Skip compiling soccerlg_s32_b3.c[0m
Segment found: soccerlg_s33_b3.c (addr: 0021A000h)
[93mWarning: Skip compiling soccerlg_s33_b3.c[0m
Segment found: soccerlg_s34_b3.c (addr: 0022A000h)
[93mWarning: Skip compiling soccerlg_s34_b3.c[0m
Segment found: soccerlg_s35_b3.c (addr: 0023A000h)
[93mWarning: Skip compiling soccerlg_s35_b3.c[0m
Segment found: soccerlg_s36_b3.c (addr: 0024A000h)
[93mWarning: Skip compiling soccerlg_s36_b3.c[0m
Segment found: soccerlg_s37_b3.c (addr: 0025A000h)
[93mWarning: Skip compiling soccerlg_s37_b3.c[0m
Segment found: soccerlg_s38_b3.c (addr: 0026A000h)
[93mWarning: Skip compiling soccerlg_s38_b3.c[0m
Segment found: soccerlg_s39_b3.c (addr: 0027A000h)
[93mWarning: Skip compiling soccerlg_s39_b3.c[0m
Segment found: soccerlg_s40_b3.c (addr: 0028A000h)
[93mWarning: Skip compiling soccerlg_s40_b3.c[0m
Segment found: soccerlg_s41_b3.c (addr: 0029A000h)
[93mWarning: Skip compiling soccerlg_s41_b3.c[0m
Segment found: soccerlg_s42_b3.c (addr: 002AA000h)
[93mWarning: Skip compiling soccerlg_s42_b3.c[0m
Segment found: soccerlg_s43_b3.c (addr: 002BA000h)
[93mWarning: Skip compiling soccerlg_s43_b3.c[0m
Segment found: soccerlg_s44_b2.c (addr: 002C8000h)
[93mWarning: Skip compiling soccerlg_s44_b2.c[0m
Segment found: soccerlg_s45_b3.c (addr: 002DA000h)
[93mWarning: Skip compiling soccerlg_s45_b3.c[0m
Segment found: soccerlg_s46_b2.c (addr: 002E8000h)
[93mWarning: Skip compiling soccerlg_s46_b2.c[0m
Segment found: soccerlg_s47_b3.c (addr: 002FA000h)
[93mWarning: Skip compiling soccerlg_s47_b3.c[0m
Segment found: soccerlg_s48_b2.c (addr: 00308000h)
[93mWarning: Skip compiling soccerlg_s48_b2.c[0m
Segment found: soccerlg_s49_b3.c (addr: 0031A000h)
[93mWarning: Skip compiling soccerlg_s49_b3.c[0m
Segment found: soccerlg_s50_b2.c (addr: 00328000h)
[93mWarning: Skip compiling soccerlg_s50_b2.c[0m
Segment found: soccerlg_s51_b3.c (addr: 0033A000h)
[93mWarning: Skip compiling soccerlg_s51_b3.c[0m
Segment found: soccerlg_s52_b2.c (addr: 00348000h)
[93mWarning: Skip compiling soccerlg_s52_b2.c[0m
Segment found: soccerlg_s53_b3.c (addr: 0035A000h)
[93mWarning: Skip compiling soccerlg_s53_b3.c[0m
Segment found: soccerlg_s54_b2.c (addr: 00368000h)
[93mWarning: Skip compiling soccerlg_s54_b2.c[0m
Segment found: soccerlg_s55_b3.c (addr: 0037A000h)
[93mWarning: Skip compiling soccerlg_s55_b3.c[0m
Segment found: soccerlg_s56_b2.c (addr: 00388000h)
[93mWarning: Skip compiling soccerlg_s56_b2.c[0m
Segment found: soccerlg_s57_b3.c (addr: 0039A000h)
[93mWarning: Skip compiling soccerlg_s57_b3.c[0m
Segment found: soccerlg_s58_b3.c (addr: 003AA000h)
[93mWarning: Skip compiling soccerlg_s58_b3.c[0m
Segment found: soccerlg_s59_b3.c (addr: 003BA000h)
[93mWarning: Skip compiling soccerlg_s59_b3.c[0m
Segment found: soccerlg_s60_b3.c (addr: 003CA000h)
[93mWarning: Skip compiling soccerlg_s60_b3.c[0m
Segment found: soccerlg_s61_b3.c (addr: 003DA000h)
[93mWarning: Skip compiling soccerlg_s61_b3.c[0m
Segment found: soccerlg_s62_b3.c (addr: 003EA000h)
[93mWarning: Skip compiling soccerlg_s62_b3.c[0m
Segment found: soccerlg_s63_b3.c (addr: 003FA000h)
[93mWarning: Skip compiling soccerlg_s63_b3.c[0m
Segment found: soccerlg_s64_b3.c (addr: 0040A000h)
[93mWarning: Skip compiling soccerlg_s64_b3.c[0m
Segment found: soccerlg_s65_b3.c (addr: 0041A000h)
[93mWarning: Skip compiling soccerlg_s65_b3.c[0m
Segment found: soccerlg_s66_b3.c (addr: 0042A000h)
[93mWarning: Skip compiling soccerlg_s66_b3.c[0m
Segment found: soccerlg_s67_b3.c (addr: 0043A000h)
[93mWarning: Skip compiling soccerlg_s67_b3.c[0m
Segment found: soccerlg_s68_b3.c (addr: 0044A000h)
[93mWarning: Skip compiling soccerlg_s68_b3.c[0m
Segment found: soccerlg_s69_b3.c (addr: 0045A000h)
[93mWarning: Skip compiling soccerlg_s69_b3.c[0m
Segment found: soccerlg_s15_b3.asm (addr: 000FA000h)
[93mWarning: Skip compiling soccerlg_s15_b3.asm[0m
[90mCompile duration: 00:00:00.0112[0m

ÔöîÔöÇÔöÇÔöÇÔöÇÔöÇÔöÇÔöÇÔöÇÔöÇÔöÇÔöÇÔöÇÔöÇÔöÇÔöÇÔöÇÔöÇÔöÇÔöÇÔöÇÔöÇÔöÇÔöÇÔöÇÔöÇÔöÇÔöÇÔöÇÔöÇÔöÇÔöÇÔöÇÔöÇÔöÇÔöÇÔöÇÔöÇÔöÇÔöÇÔöÇÔöÇÔöÇÔöÇÔöÇÔöÇÔöÇÔöÇÔöÇÔöÇÔöÇÔöÇÔöÇÔöÇÔöÇÔöÇÔöÇÔöÇÔöÇÔöÇÔöÇÔöÇÔöÇÔöÇÔöÇÔöÇÔöÇÔöÇÔöÇÔöÇÔöÇÔöÇÔöÇÔöÇÔöÇÔöÇÔöÉ
Ôöé LINK                                                                      Ôöé
ÔööÔöÇÔöÇÔöÇÔöÇÔöÇÔöÇÔöÇÔöÇÔöÇÔöÇÔöÇÔöÇÔöÇÔöÇÔöÇÔöÇÔöÇÔöÇÔöÇÔöÇÔöÇÔöÇÔöÇÔöÇÔöÇÔöÇÔöÇÔöÇÔöÇÔöÇÔöÇÔöÇÔöÇÔöÇÔöÇÔöÇÔöÇÔöÇÔöÇÔöÇÔöÇÔöÇÔöÇÔöÇÔöÇÔöÇÔöÇÔöÇÔöÇÔöÇÔöÇÔöÇÔöÇÔöÇÔöÇÔöÇÔöÇÔöÇÔöÇÔöÇÔöÇÔöÇÔöÇÔöÇÔöÇÔöÇÔöÇÔöÇÔöÇÔöÇÔöÇÔöÇÔöÇÔöÇÔöÇÔöÿ
[94mGenerate msxgl.lib...[0m
[90mExecute: "E:\Dropbox\FAUSTO\SVILUPPI\MSX\CODE\C\MSXgl\tools/sdcc/bin/sdar" -rc E:\Dropbox\FAUSTO\SVILUPPI\MSX\CODE\C\MSXgl\projects\soccerlgSCC/out/msxgl.lib E:\Dropbox\FAUSTO\SVILUPPI\MSX\CODE\C\MSXgl\projects\soccerlgSCC/out/v9990.rel E:\Dropbox\FAUSTO\SVILUPPI\MSX\CODE\C\MSXgl\projects\soccerlgSCC/out/system.rel E:\Dropbox\FAUSTO\SVILUPPI\MSX\CODE\C\MSXgl\projects\soccerlgSCC/out/input.rel E:\Dropbox\FAUSTO\SVILUPPI\MSX\CODE\C\MSXgl\projects\soccerlgSCC/out/vdp.rel E:\Dropbox\FAUSTO\SVILUPPI\MSX\CODE\C\MSXgl\projects\soccerlgSCC/out/psg.rel E:\Dropbox\FAUSTO\SVILUPPI\MSX\CODE\C\MSXgl\projects\soccerlgSCC/out/print.rel E:\Dropbox\FAUSTO\SVILUPPI\MSX\CODE\C\MSXgl\projects\soccerlgSCC/out/memory.rel E:\Dropbox\FAUSTO\SVILUPPI\MSX\CODE\C\MSXgl\projects\soccerlgSCC/out/debug.rel E:\Dropbox\FAUSTO\SVILUPPI\MSX\CODE\C\MSXgl\projects\soccerlgSCC/out/math.rel E:\Dropbox\FAUSTO\SVILUPPI\MSX\CODE\C\MSXgl\projects\soccerlgSCC/out/pcmenc.rel E:\Dropbox\FAUSTO\SVILUPPI\MSX\CODE\C\MSXgl\projects\soccerlgSCC/out/ayfx_player.rel E:\Dropbox\FAUSTO\SVILUPPI\MSX\CODE\C\MSXgl\projects\soccerlgSCC/out/scc.rel E:\Dropbox\FAUSTO\SVILUPPI\MSX\CODE\C\MSXgl\projects\soccerlgSCC/out/bios.rel[0m
[90mExit code: 0[0m
[92mSuccess[0m
[94mLink soccerlg project using SDCC...[0m
[90mExecute: "E:\Dropbox\FAUSTO\SVILUPPI\MSX\CODE\C\MSXgl\tools/sdcc/bin/sdcc" --version[0m
SDCC : mcs51/z80/z180/r2k/r2ka/r3ka/sm83/tlcs90/ez80_z80/z80n/ds390/pic16/pic14/TININative/ds400/hc08/s08/stm8/pdk13/pdk14/pdk15/mos6502 4.2.0 #13081 (MINGW64)
published under GNU General Public License (GPL)
[90mExit code: 0[0m
[90mExecute: "E:\Dropbox\FAUSTO\SVILUPPI\MSX\CODE\C\MSXgl\tools/sdcc/bin/sdcc" -mz80 --vc --no-std-crt0 -LE:\Dropbox\FAUSTO\SVILUPPI\MSX\CODE\C\MSXgl\tools/sdcc/lib/z80 --code-loc 0x4000 --data-loc 0xC000  --opt-code-speed -Wl-b_SEG4=0x0004A000 -Wl-b_SEG5=0x0005A000 -Wl-b_SEG6=0x0006A000 -Wl-b_SEG7=0x0007A000 -Wl-b_SEG8=0x0008A000 -Wl-b_SEG9=0x0009A000 -Wl-b_SEG10=0x000AA000 -Wl-b_SEG11=0x000BA000 -Wl-b_SEG12=0x000CA000 -Wl-b_SEG13=0x000DA000 -Wl-b_SEG14=0x000EA000 -Wl-b_SEG20=0x0014A000 -Wl-b_SEG21=0x0015A000 -Wl-b_SEG22=0x0016A000 -Wl-b_SEG23=0x0017A000 -Wl-b_SEG24=0x0018A000 -Wl-b_SEG25=0x0019A000 -Wl-b_SEG26=0x001AA000 -Wl-b_SEG27=0x001BA000 -Wl-b_SEG28=0x001CA000 -Wl-b_SEG29=0x001DA000 -Wl-b_SEG30=0x001EA000 -Wl-b_SEG31=0x001FA000 -Wl-b_SEG32=0x0020A000 -Wl-b_SEG33=0x0021A000 -Wl-b_SEG34=0x0022A000 -Wl-b_SEG35=0x0023A000 -Wl-b_SEG36=0x0024A000 -Wl-b_SEG37=0x0025A000 -Wl-b_SEG38=0x0026A000 -Wl-b_SEG39=0x0027A000 -Wl-b_SEG40=0x0028A000 -Wl-b_SEG41=0x0029A000 -Wl-b_SEG42=0x002AA000 -Wl-b_SEG43=0x002BA000 -Wl-b_SEG44=0x002C8000 -Wl-b_SEG45=0x002DA000 -Wl-b_SEG46=0x002E8000 -Wl-b_SEG47=0x002FA000 -Wl-b_SEG48=0x00308000 -Wl-b_SEG49=0x0031A000 -Wl-b_SEG50=0x00328000 -Wl-b_SEG51=0x0033A000 -Wl-b_SEG52=0x00348000 -Wl-b_SEG53=0x0035A000 -Wl-b_SEG54=0x00368000 -Wl-b_SEG55=0x0037A000 -Wl-b_SEG56=0x00388000 -Wl-b_SEG57=0x0039A000 -Wl-b_SEG58=0x003AA000 -Wl-b_SEG59=0x003BA000 -Wl-b_SEG60=0x003CA000 -Wl-b_SEG61=0x003DA000 -Wl-b_SEG62=0x003EA000 -Wl-b_SEG63=0x003FA000 -Wl-b_SEG64=0x0040A000 -Wl-b_SEG65=0x0041A000 -Wl-b_SEG66=0x0042A000 -Wl-b_SEG67=0x0043A000 -Wl-b_SEG68=0x0044A000 -Wl-b_SEG69=0x0045A000 -Wl-b_SEG15=0x000FA000  E:\Dropbox\FAUSTO\SVILUPPI\MSX\CODE\C\MSXgl\projects\soccerlgSCC/out/crt0_rom_mapper.rel E:\Dropbox\FAUSTO\SVILUPPI\MSX\CODE\C\MSXgl\projects\soccerlgSCC/out/msxgl.lib E:\Dropbox\FAUSTO\SVILUPPI\MSX\CODE\C\MSXgl\projects\soccerlgSCC/out/soccerlg.rel E:\Dropbox\FAUSTO\SVILUPPI\MSX\CODE\C\MSXgl\projects\soccerlgSCC/out/vgm_player.rel E:\Dropbox\FAUSTO\SVILUPPI\MSX\CODE\C\MSXgl\projects\soccerlgSCC/out/soccerlg_s4_b3.rel E:\Dropbox\FAUSTO\SVILUPPI\MSX\CODE\C\MSXgl\projects\soccerlgSCC/out/soccerlg_s5_b3.rel E:\Dropbox\FAUSTO\SVILUPPI\MSX\CODE\C\MSXgl\projects\soccerlgSCC/out/soccerlg_s6_b3.rel E:\Dropbox\FAUSTO\SVILUPPI\MSX\CODE\C\MSXgl\projects\soccerlgSCC/out/soccerlg_s7_b3.rel E:\Dropbox\FAUSTO\SVILUPPI\MSX\CODE\C\MSXgl\projects\soccerlgSCC/out/soccerlg_s8_b3.rel E:\Dropbox\FAUSTO\SVILUPPI\MSX\CODE\C\MSXgl\projects\soccerlgSCC/out/soccerlg_s9_b3.rel E:\Dropbox\FAUSTO\SVILUPPI\MSX\CODE\C\MSXgl\projects\soccerlgSCC/out/soccerlg_s10_b3.rel E:\Dropbox\FAUSTO\SVILUPPI\MSX\CODE\C\MSXgl\projects\soccerlgSCC/out/soccerlg_s11_b3.rel E:\Dropbox\FAUSTO\SVILUPPI\MSX\CODE\C\MSXgl\projects\soccerlgSCC/out/soccerlg_s12_b3.rel E:\Dropbox\FAUSTO\SVILUPPI\MSX\CODE\C\MSXgl\projects\soccerlgSCC/out/soccerlg_s13_b3.rel E:\Dropbox\FAUSTO\SVILUPPI\MSX\CODE\C\MSXgl\projects\soccerlgSCC/out/soccerlg_s14_b3.rel E:\Dropbox\FAUSTO\SVILUPPI\MSX\CODE\C\MSXgl\projects\soccerlgSCC/out/soccerlg_s20_b3.rel E:\Dropbox\FAUSTO\SVILUPPI\MSX\CODE\C\MSXgl\projects\soccerlgSCC/out/soccerlg_s21_b3.rel E:\Dropbox\FAUSTO\SVILUPPI\MSX\CODE\C\MSXgl\projects\soccerlgSCC/out/soccerlg_s22_b3.rel E:\Dropbox\FAUSTO\SVILUPPI\MSX\CODE\C\MSXgl\projects\soccerlgSCC/out/soccerlg_s23_b3.rel E:\Dropbox\FAUSTO\SVILUPPI\MSX\CODE\C\MSXgl\projects\soccerlgSCC/out/soccerlg_s24_b3.rel E:\Dropbox\FAUSTO\SVILUPPI\MSX\CODE\C\MSXgl\projects\soccerlgSCC/out/soccerlg_s25_b3.rel E:\Dropbox\FAUSTO\SVILUPPI\MSX\CODE\C\MSXgl\projects\soccerlgSCC/out/soccerlg_s26_b3.rel E:\Dropbox\FAUSTO\SVILUPPI\MSX\CODE\C\MSXgl\projects\soccerlgSCC/out/soccerlg_s27_b3.rel E:\Dropbox\FAUSTO\SVILUPPI\MSX\CODE\C\MSXgl\projects\soccerlgSCC/out/soccerlg_s28_b3.rel E:\Dropbox\FAUSTO\SVILUPPI\MSX\CODE\C\MSXgl\projects\soccerlgSCC/out/soccerlg_s29_b3.rel E:\Dropbox\FAUSTO\SVILUPPI\MSX\CODE\C\MSXgl\projects\soccerlgSCC/out/soccerlg_s30_b3.rel E:\Dropbox\FAUSTO\SVILUPPI\MSX\CODE\C\MSXgl\projects\soccerlgSCC/out/soccerlg_s31_b3.rel E:\Dropbox\FAUSTO\SVILUPPI\MSX\CODE\C\MSXgl\projects\soccerlgSCC/out/soccerlg_s32_b3.rel E:\Dropbox\FAUSTO\SVILUPPI\MSX\CODE\C\MSXgl\projects\soccerlgSCC/out/soccerlg_s33_b3.rel E:\Dropbox\FAUSTO\SVILUPPI\MSX\CODE\C\MSXgl\projects\soccerlgSCC/out/soccerlg_s34_b3.rel E:\Dropbox\FAUSTO\SVILUPPI\MSX\CODE\C\MSXgl\projects\soccerlgSCC/out/soccerlg_s35_b3.rel E:\Dropbox\FAUSTO\SVILUPPI\MSX\CODE\C\MSXgl\projects\soccerlgSCC/out/soccerlg_s36_b3.rel E:\Dropbox\FAUSTO\SVILUPPI\MSX\CODE\C\MSXgl\projects\soccerlgSCC/out/soccerlg_s37_b3.rel E:\Dropbox\FAUSTO\SVILUPPI\MSX\CODE\C\MSXgl\projects\soccerlgSCC/out/soccerlg_s38_b3.rel E:\Dropbox\FAUSTO\SVILUPPI\MSX\CODE\C\MSXgl\projects\soccerlgSCC/out/soccerlg_s39_b3.rel E:\Dropbox\FAUSTO\SVILUPPI\MSX\CODE\C\MSXgl\projects\soccerlgSCC/out/soccerlg_s40_b3.rel E:\Dropbox\FAUSTO\SVILUPPI\MSX\CODE\C\MSXgl\projects\soccerlgSCC/out/soccerlg_s41_b3.rel E:\Dropbox\FAUSTO\SVILUPPI\MSX\CODE\C\MSXgl\projects\soccerlgSCC/out/soccerlg_s42_b3.rel E:\Dropbox\FAUSTO\SVILUPPI\MSX\CODE\C\MSXgl\projects\soccerlgSCC/out/soccerlg_s43_b3.rel E:\Dropbox\FAUSTO\SVILUPPI\MSX\CODE\C\MSXgl\projects\soccerlgSCC/out/soccerlg_s44_b2.rel E:\Dropbox\FAUSTO\SVILUPPI\MSX\CODE\C\MSXgl\projects\soccerlgSCC/out/soccerlg_s45_b3.rel E:\Dropbox\FAUSTO\SVILUPPI\MSX\CODE\C\MSXgl\projects\soccerlgSCC/out/soccerlg_s46_b2.rel E:\Dropbox\FAUSTO\SVILUPPI\MSX\CODE\C\MSXgl\projects\soccerlgSCC/out/soccerlg_s47_b3.rel E:\Dropbox\FAUSTO\SVILUPPI\MSX\CODE\C\MSXgl\projects\soccerlgSCC/out/soccerlg_s48_b2.rel E:\Dropbox\FAUSTO\SVILUPPI\MSX\CODE\C\MSXgl\projects\soccerlgSCC/out/soccerlg_s49_b3.rel E:\Dropbox\FAUSTO\SVILUPPI\MSX\CODE\C\MSXgl\projects\soccerlgSCC/out/soccerlg_s50_b2.rel E:\Dropbox\FAUSTO\SVILUPPI\MSX\CODE\C\MSXgl\projects\soccerlgSCC/out/soccerlg_s51_b3.rel E:\Dropbox\FAUSTO\SVILUPPI\MSX\CODE\C\MSXgl\projects\soccerlgSCC/out/soccerlg_s52_b2.rel E:\Dropbox\FAUSTO\SVILUPPI\MSX\CODE\C\MSXgl\projects\soccerlgSCC/out/soccerlg_s53_b3.rel E:\Dropbox\FAUSTO\SVILUPPI\MSX\CODE\C\MSXgl\projects\soccerlgSCC/out/soccerlg_s54_b2.rel E:\Dropbox\FAUSTO\SVILUPPI\MSX\CODE\C\MSXgl\projects\soccerlgSCC/out/soccerlg_s55_b3.rel E:\Dropbox\FAUSTO\SVILUPPI\MSX\CODE\C\MSXgl\projects\soccerlgSCC/out/soccerlg_s56_b2.rel E:\Dropbox\FAUSTO\SVILUPPI\MSX\CODE\C\MSXgl\projects\soccerlgSCC/out/soccerlg_s57_b3.rel E:\Dropbox\FAUSTO\SVILUPPI\MSX\CODE\C\MSXgl\projects\soccerlgSCC/out/soccerlg_s58_b3.rel E:\Dropbox\FAUSTO\SVILUPPI\MSX\CODE\C\MSXgl\projects\soccerlgSCC/out/soccerlg_s59_b3.rel E:\Dropbox\FAUSTO\SVILUPPI\MSX\CODE\C\MSXgl\projects\soccerlgSCC/out/soccerlg_s60_b3.rel E:\Dropbox\FAUSTO\SVILUPPI\MSX\CODE\C\MSXgl\projects\soccerlgSCC/out/soccerlg_s61_b3.rel E:\Dropbox\FAUSTO\SVILUPPI\MSX\CODE\C\MSXgl\projects\soccerlgSCC/out/soccerlg_s62_b3.rel E:\Dropbox\FAUSTO\SVILUPPI\MSX\CODE\C\MSXgl\projects\soccerlgSCC/out/soccerlg_s63_b3.rel E:\Dropbox\FAUSTO\SVILUPPI\MSX\CODE\C\MSXgl\projects\soccerlgSCC/out/soccerlg_s64_b3.rel E:\Dropbox\FAUSTO\SVILUPPI\MSX\CODE\C\MSXgl\projects\soccerlgSCC/out/soccerlg_s65_b3.rel E:\Dropbox\FAUSTO\SVILUPPI\MSX\CODE\C\MSXgl\projects\soccerlgSCC/out/soccerlg_s66_b3.rel E:\Dropbox\FAUSTO\SVILUPPI\MSX\CODE\C\MSXgl\projects\soccerlgSCC/out/soccerlg_s67_b3.rel E:\Dropbox\FAUSTO\SVILUPPI\MSX\CODE\C\MSXgl\projects\soccerlgSCC/out/soccerlg_s68_b3.rel E:\Dropbox\FAUSTO\SVILUPPI\MSX\CODE\C\MSXgl\projects\soccerlgSCC/out/soccerlg_s69_b3.rel E:\Dropbox\FAUSTO\SVILUPPI\MSX\CODE\C\MSXgl\projects\soccerlgSCC/out/soccerlg_s15_b3.rel -o E:\Dropbox\FAUSTO\SVILUPPI\MSX\CODE\C\MSXgl\projects\soccerlgSCC/out/soccerlg.ihx[0m
[90mExit code: 0[0m
[92mSuccess[0m
[90mLink duration: 00:00:00.0347[0m

ÔöîÔöÇÔöÇÔöÇÔöÇÔöÇÔöÇÔöÇÔöÇÔöÇÔöÇÔöÇÔöÇÔöÇÔöÇÔöÇÔöÇÔöÇÔöÇÔöÇÔöÇÔöÇÔöÇÔöÇÔöÇÔöÇÔöÇÔöÇÔöÇÔöÇÔöÇÔöÇÔöÇÔöÇÔöÇÔöÇÔöÇÔöÇÔöÇÔöÇÔöÇÔöÇÔöÇÔöÇÔöÇÔöÇÔöÇÔöÇÔöÇÔöÇÔöÇÔöÇÔöÇÔöÇÔöÇÔöÇÔöÇÔöÇÔöÇÔöÇÔöÇÔöÇÔöÇÔöÇÔöÇÔöÇÔöÇÔöÇÔöÇÔöÇÔöÇÔöÇÔöÇÔöÇÔöÇÔöÇÔöÉ
Ôöé PACKAGE                                                                   Ôöé
ÔööÔöÇÔöÇÔöÇÔöÇÔöÇÔöÇÔöÇÔöÇÔöÇÔöÇÔöÇÔöÇÔöÇÔöÇÔöÇÔöÇÔöÇÔöÇÔöÇÔöÇÔöÇÔöÇÔöÇÔöÇÔöÇÔöÇÔöÇÔöÇÔöÇÔöÇÔöÇÔöÇÔöÇÔöÇÔöÇÔöÇÔöÇÔöÇÔöÇÔöÇÔöÇÔöÇÔöÇÔöÇÔöÇÔöÇÔöÇÔöÇÔöÇÔöÇÔöÇÔöÇÔöÇÔöÇÔöÇÔöÇÔöÇÔöÇÔöÇÔöÇÔöÇÔöÇÔöÇÔöÇÔöÇÔöÇÔöÇÔöÇÔöÇÔöÇÔöÇÔöÇÔöÇÔöÇÔöÇÔöÿ
[94mPackaging binary...[0m
[90mExecute: "E:\Dropbox\FAUSTO\SVILUPPI\MSX\CODE\C\MSXgl\tools/MSXtk/bin/MSXhex" E:\Dropbox\FAUSTO\SVILUPPI\MSX\CODE\C\MSXgl\projects\soccerlgSCC/out/soccerlg.ihx -e rom -s 0x4000 -l 2097152 -b 8192 -r 614400 vgm/vgm_menu.vgm -r 655360 vgm/vgm_players_presentation.vgm -r 688128 vgm/vgm_game_melody.vgm -r 720896 vgm/vgm_public_goal.vgm -r 753664 vgm/vgm_public_presentation.vgm -r 786432 vgm/vgm_refereer.vgm -r 819200 vgm/vgm_victory.vgm -r 860160 scc/scc_001.bin [0m
Log: Add file 'vgm/vgm_menu.vgm' at offset 00096000h
Log: Add file 'vgm/vgm_players_presentation.vgm' at offset 000A0000h
Log: Add file 'vgm/vgm_game_melody.vgm' at offset 000A8000h
Log: Add file 'vgm/vgm_public_goal.vgm' at offset 000B0000h
Log: Add file 'vgm/vgm_public_presentation.vgm' at offset 000B8000h
Log: Add file 'vgm/vgm_refereer.vgm' at offset 000C0000h
Log: Add file 'vgm/vgm_victory.vgm' at offset 000C8000h
Log: Add file 'scc/scc_001.bin' at offset 000D2000h
MSXhex 0.1.13 - Convert an Intel HEX file to binary
 Start=00004000h Size=00200000h Bank=00002000h Pad=FFh
Saving E:\Dropbox\FAUSTO\SVILUPPI\MSX\CODE\C\MSXgl\projects\soccerlgSCC/out/soccerlg.rom...
 Seg[0000]: Lower=4000h Higher=72E0h Size=13025 (Holes=0)
 Seg[0004]: Lower=A000h Higher=BA14h Size=6677 (Holes=0)
 Seg[0005]: Lower=A000h Higher=BB2Dh Size=6958 (Holes=0)
 Seg[0006]: Lower=A000h Higher=B612h Size=5651 (Holes=0)
 Seg[0007]: Lower=A000h Higher=B261h Size=4706 (Holes=0)
 Seg[0008]: Lower=A000h Higher=BA34h Size=6709 (Holes=0)
 Seg[0009]: Lower=A000h Higher=BC41h Size=7234 (Holes=0)
 Seg[0010]: Lower=A000h Higher=BD62h Size=7523 (Holes=0)
 Seg[0011]: Lower=A000h Higher=A182h Size=387 (Holes=0)
 Seg[0012]: Lower=A000h Higher=B6B4h Size=5813 (Holes=0)
 Seg[0013]: Lower=A000h Higher=A7E6h Size=2023 (Holes=0)
 Seg[0014]: Lower=A000h Higher=A2DCh Size=733 (Holes=0)
 Seg[0015]: Lower=A000h Higher=A045h Size=70 (Holes=0)
 Seg[0020]: Lower=A000h Higher=A603h Size=1540 (Holes=0)
 Seg[0021]: Lower=A000h Higher=BFFFh Size=8192 (Holes=0)
 Seg[0022]: Lower=A000h Higher=BFFFh Size=8192 (Holes=0)
 Seg[0023]: Lower=A000h Higher=BFFFh Size=8192 (Holes=0)
 Seg[0024]: Lower=A000h Higher=BFFFh Size=8192 (Holes=0)
 Seg[0025]: Lower=A000h Higher=BFFFh Size=8192 (Holes=0)
 Seg[0026]: Lower=A000h Higher=BFFFh Size=8192 (Holes=0)
 Seg[0027]: Lower=A000h Higher=BAFCh Size=6909 (Holes=0)
 Seg[0028]: Lower=A000h Higher=BFFFh Size=8192 (Holes=0)
 Seg[0029]: Lower=A000h Higher=BFFFh Size=8192 (Holes=0)
 Seg[0030]: Lower=A000h Higher=BFFFh Size=8192 (Holes=0)
 Seg[0031]: Lower=A000h Higher=BFFFh Size=8192 (Holes=0)
 Seg[0032]: Lower=A000h Higher=B608h Size=5641 (Holes=0)
 Seg[0033]: Lower=A000h Higher=BFFFh Size=8192 (Holes=0)
 Seg[0034]: Lower=A000h Higher=BFFFh Size=8192 (Holes=0)
 Seg[0035]: Lower=A000h Higher=B05Fh Size=4192 (Holes=0)
 Seg[0036]: Lower=A000h Higher=BFFFh Size=8192 (Holes=0)
 Seg[0037]: Lower=A000h Higher=BFFFh Size=8192 (Holes=0)
 Seg[0038]: Lower=A000h Higher=BFFFh Size=8192 (Holes=0)
 Seg[0039]: Lower=A000h Higher=BFFFh Size=8192 (Holes=0)
 Seg[0040]: Lower=A000h Higher=BFFFh Size=8192 (Holes=0)
 Seg[0041]: Lower=A000h Higher=BFFFh Size=8192 (Holes=0)
 Seg[0042]: Lower=A000h Higher=BFFFh Size=8192 (Holes=0)
 Seg[0043]: Lower=A000h Higher=BFFFh Size=8192 (Holes=0)
 Seg[0044]: Lower=8000h Higher=9FFFh Size=8192 (Holes=0)
 Seg[0045]: Lower=A000h Higher=A8A3h Size=2212 (Holes=0)
 Seg[0046]: Lower=8000h Higher=9FFFh Size=8192 (Holes=0)
 Seg[0047]: Lower=A000h Higher=B5D8h Size=5593 (Holes=0)
 Seg[0048]: Lower=8000h Higher=9FFFh Size=8192 (Holes=0)
 Seg[0049]: Lower=A000h Higher=BDAFh Size=7600 (Holes=0)
 Seg[0050]: Lower=8000h Higher=9FFFh Size=8192 (Holes=0)
 Seg[0051]: Lower=A000h Higher=B769h Size=5994 (Holes=0)
 Seg[0052]: Lower=8000h Higher=9FFFh Size=8192 (Holes=0)
 Seg[0053]: Lower=A000h Higher=B31Fh Size=4896 (Holes=0)
 Seg[0054]: Lower=8000h Higher=9FFFh Size=8192 (Holes=0)
 Seg[0055]: Lower=A000h Higher=B599h Size=5530 (Holes=0)
 Seg[0056]: Lower=8000h Higher=9FFFh Size=8192 (Holes=0)
 Seg[0057]: Lower=A000h Higher=A8F3h Size=2292 (Holes=0)
 Seg[0058]: Lower=A000h Higher=B5A4h Size=5541 (Holes=0)
 Seg[0059]: Lower=A000h Higher=BFFFh Size=8192 (Holes=0)
 Seg[0060]: Lower=A000h Higher=BFFFh Size=8192 (Holes=0)
 Seg[0061]: Lower=A000h Higher=BFFFh Size=8192 (Holes=0)
 Seg[0062]: Lower=A000h Higher=BFFFh Size=8192 (Holes=0)
 Seg[0063]: Lower=A000h Higher=BFFFh Size=8192 (Holes=0)
 Seg[0064]: Lower=A000h Higher=BFFFh Size=8192 (Holes=0)
 Seg[0065]: Lower=A000h Higher=BFFFh Size=8192 (Holes=0)
 Seg[0066]: Lower=A000h Higher=BBFFh Size=7168 (Holes=0)
 Seg[0067]: Lower=A000h Higher=BFFFh Size=8192 (Holes=0)
 Seg[0068]: Lower=A000h Higher=BFFFh Size=8192 (Holes=0)
 Seg[0069]: Lower=A000h Higher=A14Dh Size=334 (Holes=0)
 Total size: 427863
[90mExit code: 0[0m
[92mSuccess[0m
[90m
Package duration: 00:00:00.0060[0m

ÔöîÔöÇÔöÇÔöÇÔöÇÔöÇÔöÇÔöÇÔöÇÔöÇÔöÇÔöÇÔöÇÔöÇÔöÇÔöÇÔöÇÔöÇÔöÇÔöÇÔöÇÔöÇÔöÇÔöÇÔöÇÔöÇÔöÇÔöÇÔöÇÔöÇÔöÇÔöÇÔöÇÔöÇÔöÇÔöÇÔöÇÔöÇÔöÇÔöÇÔöÇÔöÇÔöÇÔöÇÔöÇÔöÇÔöÇÔöÇÔöÇÔöÇÔöÇÔöÇÔöÇÔöÇÔöÇÔöÇÔöÇÔöÇÔöÇÔöÇÔöÇÔöÇÔöÇÔöÇÔöÇÔöÇÔöÇÔöÇÔöÇÔöÇÔöÇÔöÇÔöÇÔöÇÔöÇÔöÇÔöÉ
Ôöé DEPLOY                                                                    Ôöé
ÔööÔöÇÔöÇÔöÇÔöÇÔöÇÔöÇÔöÇÔöÇÔöÇÔöÇÔöÇÔöÇÔöÇÔöÇÔöÇÔöÇÔöÇÔöÇÔöÇÔöÇÔöÇÔöÇÔöÇÔöÇÔöÇÔöÇÔöÇÔöÇÔöÇÔöÇÔöÇÔöÇÔöÇÔöÇÔöÇÔöÇÔöÇÔöÇÔöÇÔöÇÔöÇÔöÇÔöÇÔöÇÔöÇÔöÇÔöÇÔöÇÔöÇÔöÇÔöÇÔöÇÔöÇÔöÇÔöÇÔöÇÔöÇÔöÇÔöÇÔöÇÔöÇÔöÇÔöÇÔöÇÔöÇÔöÇÔöÇÔöÇÔöÇÔöÇÔöÇÔöÇÔöÇÔöÇÔöÇÔöÿ
[94mDeploying ROM_YAMANOOTO_2M...[0m
Copy ROM file to emul/rom/ folder
[90mCopy E:\Dropbox\FAUSTO\SVILUPPI\MSX\CODE\C\MSXgl\projects\soccerlgSCC/out/soccerlg.rom to E:\Dropbox\FAUSTO\SVILUPPI\MSX\CODE\C\MSXgl\projects\soccerlgSCC/emul/rom/soccerlg.rom[0m
[92mSuccess[0m
[90mDeploy duration: 00:00:00.0004[0m

ÔöîÔöÇÔöÇÔöÇÔöÇÔöÇÔöÇÔöÇÔöÇÔöÇÔöÇÔöÇÔöÇÔöÇÔöÇÔöÇÔöÇÔöÇÔöÇÔöÇÔöÇÔöÇÔöÇÔöÇÔöÇÔöÇÔöÇÔöÇÔöÇÔöÇÔöÇÔöÇÔöÇÔöÇÔöÇÔöÇÔöÇÔöÇÔöÇÔöÇÔöÇÔöÇÔöÇÔöÇÔöÇÔöÇÔöÇÔöÇÔöÇÔöÇÔöÇÔöÇÔöÇÔöÇÔöÇÔöÇÔöÇÔöÇÔöÇÔöÇÔöÇÔöÇÔöÇÔöÇÔöÇÔöÇÔöÇÔöÇÔöÇÔöÇÔöÇÔöÇÔöÇÔöÇÔöÇÔöÇÔöÉ
Ôöé POST BUILD                                                                Ôöé
ÔööÔöÇÔöÇÔöÇÔöÇÔöÇÔöÇÔöÇÔöÇÔöÇÔöÇÔöÇÔöÇÔöÇÔöÇÔöÇÔöÇÔöÇÔöÇÔöÇÔöÇÔöÇÔöÇÔöÇÔöÇÔöÇÔöÇÔöÇÔöÇÔöÇÔöÇÔöÇÔöÇÔöÇÔöÇÔöÇÔöÇÔöÇÔöÇÔöÇÔöÇÔöÇÔöÇÔöÇÔöÇÔöÇÔöÇÔöÇÔöÇÔöÇÔöÇÔöÇÔöÇÔöÇÔöÇÔöÇÔöÇÔöÇÔöÇÔöÇÔöÇÔöÇÔöÇÔöÇÔöÇÔöÇÔöÇÔöÇÔöÇÔöÇÔöÇÔöÇÔöÇÔöÇÔöÇÔöÇÔöÿ
[90m
Total build time: 00:00:00.0539[0m

ÔöîÔöÇÔöÇÔöÇÔöÇÔöÇÔöÇÔöÇÔöÇÔöÇÔöÇÔöÇÔöÇÔöÇÔöÇÔöÇÔöÇÔöÇÔöÇÔöÇÔöÇÔöÇÔöÇÔöÇÔöÇÔöÇÔöÇÔöÇÔöÇÔöÇÔöÇÔöÇÔöÇÔöÇÔöÇÔöÇÔöÇÔöÇÔöÇÔöÇÔöÇÔöÇÔöÇÔöÇÔöÇÔöÇÔöÇÔöÇÔöÇÔöÇÔöÇÔöÇÔöÇÔöÇÔöÇÔöÇÔöÇÔöÇÔöÇÔöÇÔöÇÔöÇÔöÇÔöÇÔöÇÔöÇÔöÇÔöÇÔöÇÔöÇÔöÇÔöÇÔöÇÔöÇÔöÇÔöÇÔöÉ
Ôöé RUN                                                                       Ôöé
ÔööÔöÇÔöÇÔöÇÔöÇÔöÇÔöÇÔöÇÔöÇÔöÇÔöÇÔöÇÔöÇÔöÇÔöÇÔöÇÔöÇÔöÇÔöÇÔöÇÔöÇÔöÇÔöÇÔöÇÔöÇÔöÇÔöÇÔöÇÔöÇÔöÇÔöÇÔöÇÔöÇÔöÇÔöÇÔöÇÔöÇÔöÇÔöÇÔöÇÔöÇÔöÇÔöÇÔöÇÔöÇÔöÇÔöÇÔöÇÔöÇÔöÇÔöÇÔöÇÔöÇÔöÇÔöÇÔöÇÔöÇÔöÇÔöÇÔöÇÔöÇÔöÇÔöÇÔöÇÔöÇÔöÇÔöÇÔöÇÔöÇÔöÇÔöÇÔöÇÔöÇÔöÇÔöÇÔöÇÔöÿ
[94mLaunching program...[0m
[94mStarting OPENMSX emulator...[0m
[90mEmulator configuration:[0m
[90m- EmulMachine: true[0m
[90m- Emul60Hz: true[0m
[90m- EmulFullScreen: false[0m
[90m- EmulMute: false[0m
[90m- EmulDebug: false[0m
[90m- EmulExtraParam: -script E:/Dropbox/FAUSTO/SVILUPPI/MSX/CODE/C/MSXgl/tools/script/openMSX/debugger_pvm.tcl[0m
[90mEmulator extensions:[0m
[90m- EmulSCC: false[0m
[90m- EmulMSXMusic: false[0m
[90m- EmulMSXAudio: false[0m
[90m- EmulOPL4: false[0m
[90m- EmulPSG2: false[0m
[90m- EmulV9990: true[0m
[90m- EmulPortA: [0m
[90m- EmulPortB: [0m
You can only change frequency by setting the machine
2 extension found
[90mExecute: "E:\Dropbox\FAUSTO\SVILUPPI\MSX\EMULATORI\openMSX\openMSX.exe" -script E:/Dropbox/FAUSTO/SVILUPPI/MSX/CODE/C/MSXgl/tools/script/openMSX/debugger_pvm.tcl -machine C-BIOS_MSX1_JP -cart E:\Dropbox\FAUSTO\SVILUPPI\MSX\CODE\C\MSXgl\projects\soccerlgSCC/emul/rom/soccerlg.rom -romtype Yamanooto -ext gfx9000 -command "after time 0 {set videosource gfx9000}"[0m
[90mExit code: 0[0m
